Version: 3.0
Info:
  Title: t
  Version: 1
Operations:
  -
    ID: postUpload
    IsIDDerived: true
    Method: POST
    Path: /upload
    Body:
      Description: File
      Required: true
      Contents:
        -
          Name: multipart/form-data
          Schema:
            Types: object
            Properties:
              -
                Name: file
                Schema:
                  Types: string
                  Format: binary
                  Origin: bodies.yaml:14:23 /paths/~1upload/post/requestBody/content/multipart~1form-data/schema/properties/file
              -
                Name: meta
                Schema:
                  Types: object
                  Origin: bodies.yaml:15:23 /paths/~1upload/post/requestBody/content/multipart~1form-data/schema/properties/meta
            Origin: bodies.yaml:12:15 /paths/~1upload/post/requestBody/content/multipart~1form-data/schema
          Encodings:
            -
              Name: file
              ContentType: image/png
              Headers:
                -
                  Name: X-Rate
                  Style: simple
                  Schema:
                    Types: integer
                    Origin: bodies.yaml:17:73 /paths/~1upload/post/requestBody/content/multipart~1form-data/encoding/file/headers/X-Rate/schema
                  Origin: bodies.yaml:17:64 /paths/~1upload/post/requestBody/content/multipart~1form-data/encoding/file/headers/X-Rate
            -
              Name: meta
              ContentType: application/json
              Style: form
              Explode: true
              AllowReserved: true
          Origin: bodies.yaml:11:13 /paths/~1upload/post/requestBody/content/multipart~1form-data
        -
          Name: application/octet-stream
          Schema:
            Types: string
            Format: binary
            Origin: bodies.yaml:19:46 /paths/~1upload/post/requestBody/content/application~1octet-stream/schema
          Origin: bodies.yaml:19:37 /paths/~1upload/post/requestBody/content/application~1octet-stream
        -
          Name: text/plain
          Extensions:
            -
              Name: x-note
              Value: "plain"
          Origin: bodies.yaml:20:23 /paths/~1upload/post/requestBody/content/text~1plain
      Origin: bodies.yaml:7:9 /paths/~1upload/post/requestBody
    Responses:
      -
        Status: 200
        Description: ok
        Origin: bodies.yaml:21:26 /paths/~1upload/post/responses/200
    Origin: bodies.yaml:6:7 /paths/~1upload/post
  -
    ID: putPets
    IsIDDerived: true
    Method: PUT
    Path: /pets
    Body:
      Contents:
        -
          Name: application/json
          Schema:
            Types: object
            Origin: bodies.yaml:32:44 /components/requestBodies/Pet/content/application~1json/schema
          Origin: bodies.yaml:32:35 /components/requestBodies/Pet/content/application~1json
      Extensions:
        -
          Name: x-kind
          Value: "pet"
      Ref:
        Pointer: /components/requestBodies/PetAlias
        Name: PetAlias
      Origin: bodies.yaml:32:7 /components/requestBodies/Pet
    Responses:
      -
        Status: 200
        Description: ok
        Origin: bodies.yaml:28:26 /paths/~1pets/put/responses/200
    Origin: bodies.yaml:27:7 /paths/~1pets/put
  -
    ID: postPets
    IsIDDerived: true
    Method: POST
    Path: /pets
    Body:
      Contents:
        -
          Name: application/json
          Schema:
            Types: object
            Origin: bodies.yaml:32:44 /components/requestBodies/Pet/content/application~1json/schema
          Origin: bodies.yaml:32:35 /components/requestBodies/Pet/content/application~1json
      Extensions:
        -
          Name: x-kind
          Value: "pet"
      Ref:
        Pointer: /components/requestBodies/Pet
        Name: Pet
      Origin: bodies.yaml:32:7 /components/requestBodies/Pet
    Responses:
      -
        Status: 200
        Description: ok
        Origin: bodies.yaml:25:26 /paths/~1pets/post/responses/200
    Origin: bodies.yaml:24:7 /paths/~1pets/post
Components:
  RequestBodies:
    -
      Name: Pet
      Value:
        Contents:
          -
            Name: application/json
            Schema:
              Types: object
              Origin: bodies.yaml:32:44 /components/requestBodies/Pet/content/application~1json/schema
            Origin: bodies.yaml:32:35 /components/requestBodies/Pet/content/application~1json
        Extensions:
          -
            Name: x-kind
            Value: "pet"
        Origin: bodies.yaml:32:7 /components/requestBodies/Pet
    -
      Name: PetAlias
      Value:
        Contents:
          -
            Name: application/json
            Schema:
              Types: object
              Origin: bodies.yaml:32:44 /components/requestBodies/Pet/content/application~1json/schema
            Origin: bodies.yaml:32:35 /components/requestBodies/Pet/content/application~1json
        Extensions:
          -
            Name: x-kind
            Value: "pet"
        Ref:
          Pointer: /components/requestBodies/Pet
          Name: Pet
        Origin: bodies.yaml:32:7 /components/requestBodies/Pet
Diagnostics:
