Animal struct models.types doc="An animal"
  Name string json=name required
  Address *AnimalAddress json=address omitempty
AnimalAddress struct models.types
  Geo *AnimalAddressGeo json=geo omitempty
AnimalAddressGeo struct models.types
  Lat *float64 json=lat omitempty
Dog struct models.types doc="A dog"
  Name string json=name required
  Address *DogAddress json=address omitempty
  Bark DogBark json=bark required
DogAddress struct models.types
  Geo *AnimalAddressGeo json=geo omitempty
  Zip *string json=zip omitempty
DogBark struct models.types
  Loud *bool json=loud omitempty
Puppy struct models.types
  Name string json=name required
  Address *DogAddress json=address omitempty
  Bark DogBark json=bark required
  Age int json=age required
Conflict alias string models.types
Numbers alias int64 models.types
NullableRef alias Animal models.types doc="Just an animal"
Addressed struct models.types
  Name string json=name required
  Address AnimalAddress json=address required
Located struct models.types
  Name string json=name required
  Address *LocatedAddress json=address omitempty
LocatedAddress struct models.types
  Geo AnimalAddressGeo json=geo required
Loop1 struct models.types
  Two *string json=two omitempty
  One *string json=one omitempty
Loop2 struct models.types
  Two *string json=two omitempty
Diamond struct models.types
  Name string json=name required
  Address *AnimalAddress json=address omitempty
Maps defined map[string]MapsValue models.types
MapsValue struct models.types
  A *string json=a omitempty
  B *string json=b omitempty
MapThenFalse defined map[string]string models.types
FalseThenTrue struct models.types
  A *string json=a omitempty
Lists defined []ListsItem models.types
ListsItem struct models.types
  A *string json=a omitempty
  B *string json=b omitempty
Sibling struct models.types
  Name string json=name required
  Address *AnimalAddress json=address omitempty
  Extra *string json=extra omitempty
SameRef struct models.types
  Pet *Animal json=pet omitempty
Holder struct models.types
  Animal *Animal json=animal omitempty doc="Plain ref"
  Text *string json=text omitempty
  WithUnion *HolderWithUnion json=withUnion omitempty
HolderWithUnion union models.unions
  Name string json=name required
  Address *AnimalAddress json=address omitempty
  | oneOf
  | AnyMap map[string]any kinds=object
  | String *string kinds=string
Limits alias runtime.Email models.types deprecated
DoubleDog struct models.types
  Name string json=name required
  Address *DogAddress json=address omitempty
  Bark DogBark json=bark required
ChainA alias any models.types
ChainB alias ChainA models.types
WithChain struct models.types
  X *string json=x omitempty
Aws struct models.types
  Kind *Animal json=kind nullable omitempty deprecated doc="The kind, next to the ref."
  Both *AwsBoth json=both omitempty
AwsBoth struct models.types
  Name string json=name required
  Address *AwsBothAddress json=address omitempty
  Bark DogBark json=bark required
AwsBothAddress struct models.types
  Geo *AnimalAddressGeo json=geo omitempty
  Zip *string json=zip omitempty
AwsAlias alias Animal models.types deprecated doc="Alias doc"
Ext alias time.Duration models.types
Typed alias time.Duration models.types doc="How long."
TypedNumber alias int64 models.types
TypedMixed alias time.Duration models.types
TypedTwice alias time.Duration models.types
TypedSame alias time.Duration models.types doc="Same type."
TypedThrough alias time.Duration models.types
TypedLast alias time.Duration models.types
TypedRoot alias time.Duration models.types
TypedProps struct models.types
  Wait *time.Duration json=wait omitempty doc="Inline."
  Nested map[string]any json=nested omitempty
---
warning allof-conflict 37:7 /components/schemas/Conflict: allOf members disagree on the type (string, integer); keeping string
error allof-cycle 61:7 /components/schemas/Loop2: allOf includes itself through /components/schemas/Loop1; the loop is left out
warning alias-cycle 113:13 /components/schemas/ChainA: types refer to each other in a loop (ChainA = ChainB = ChainA); ChainA becomes any
error allof-cycle 116:7 /components/schemas/WithChain: allOf includes itself through /components/schemas/ChainA; the loop is left out
warning allof-conflict 146:7 /components/schemas/TypedMixed: allOf member /components/schemas/Ext sets x-go-type time.Duration; keeping it, what /components/schemas/Animal adds is not generated
warning allof-conflict 150:7 /components/schemas/TypedTwice: allOf members set x-go-type time.Duration and time.Time; keeping time.Duration
warning allof-conflict 158:7 /components/schemas/TypedThrough: allOf member /components/schemas/Typed sets x-go-type time.Duration; keeping it, what /components/schemas/TypedThrough/allOf/1 adds is not generated
warning allof-conflict 162:7 /components/schemas/TypedLast: allOf member /components/schemas/Ext sets x-go-type time.Duration; keeping it, what /components/schemas/TypedLast/allOf/0 adds is not generated
warning allof-conflict 178:11 /components/schemas/TypedProps/properties/nested: allOf member /components/schemas/TypedProps/properties/nested/allOf/0 sets x-go-type map[string]any; keeping it, what /components/schemas/TypedProps/properties/nested/allOf/1 adds is not generated
