Status enum string models.enums
  StatusActive2 "active"
  StatusInProgress "in_progress"
  StatusUserID "user_id"
  StatusEmpty ""
StatusActive alias string models.types
Level enum int32 models.enums
  LevelMinus1 -1
  Level0 0
  Level1Dot0 1.0
Ratio enum float32 models.enums
  Ratio0Dot5 0.5
  Ratio1 1
Flag enum bool models.enums
  FlagTrue true
Guess enum float64 models.enums
  Guess1 1
  Guess2Dot5 2.5
GuessInt enum int models.enums
  GuessInt1 1
  GuessInt2 2
GuessText enum string models.enums
  GuessTextA "a"
  GuessTextB "b"
GuessBool enum bool models.enums
  GuessBoolFalse false
Mixed alias any models.types
Bad alias any models.types
OnObject defined map[string]any models.types
OnlyNull alias string models.types
NoneFit alias int models.types
Stamp enum string models.enums
  Stamp20260101T000000Z "2026-01-01T00:00:00Z"
Numbers enum string models.enums
  Numbers1 "1"
  NumbersTrue "true"
Filter enum string models.enums
  FilterAll "all"
  FilterValues2 "values"
FilterValuesSchema defined []Filter models.types
Point struct models.types
  X int json=x required
Pair defined []int models.types
Either union models.unions
  | oneOf text
  | String *string kinds=string
  | Int *int kinds=integer
Typed union models.unions
  | oneOf
  | String *TypedString kinds=string
  | AnyMap map[string]any kinds=object
TypedString enum string models.enums
  TypedStringA "a"
Holder struct models.types
  Status *Status json=status nullable omitempty
  Inline *HolderInline json=inline omitempty
  Mixed Mixed json=mixed omitempty
  Tags []string json=tags omitempty omitzero
  Point *Point json=point nullable omitempty
HolderInline enum string models.enums
  HolderInlineX "x"
---
info name-clash 6:13 /components/schemas/Status/enum/0: "StatusActive" is reserved, renamed to "StatusActive2"
warning enum-value 8:12 /components/schemas/Level: enum value 2.5 does not fit type integer; it is left out
warning enum-value 8:12 /components/schemas/Level: enum value 3 does not fit type integer; it is left out
warning enum-ignored 19:14 /components/schemas/NoneFit: enum values do not fit type integer; the enum is left out
info name-clash 22:13 /components/schemas/Filter/enum/1: "FilterValues" is reserved, renamed to "FilterValues2"
info name-clash 23:19 /components/schemas/FilterValues: "FilterValues" is built from /components/schemas/Filter, renamed to "FilterValuesSchema"
warning enum-value 25:7 /components/schemas/Point: enum value {"x":"a"} does not fit its schema, so it is left out: /x is a string, the schema wants integer
warning enum-value 25:7 /components/schemas/Point: enum value {"y":2} does not fit its schema, so it is left out: it lacks the required property "x"
warning enum-value 32:7 /components/schemas/Either: enum value true does not fit its schema, so it is left out: it fits none of oneOf
warning enum-value 34:12 /components/schemas/Typed: enum value 2 does not fit its schema, so it is left out: it is an integer, the schema wants string or object
