ClientSchema struct models.types
  Address *ClientSchemaAddress json=address omitempty
ClientSchemaAddress struct models.types
  Geo *ClientSchemaAddressGeo json=geo omitempty
ClientSchemaAddressGeo struct models.types
  Lat *float64 json=lat omitempty
Pet struct models.types
  Tags []PetTagsItem json=tags omitempty
PetTagsItem struct models.types
  Label *string json=label omitempty
PetSchema struct models.types
  Address *PetSchemaAddress json=address omitempty
PetSchemaAddress struct models.types
  Street *string json=street omitempty
PetAddress struct models.types
  Zip *string json=zip omitempty
Labels defined map[string]LabelsValue models.types
LabelsValue struct models.types
  Value *string json=value omitempty
Order struct models.types
  Status *OrderStatus2 json=status omitempty
OrderStatus2 enum string models.enums
  OrderStatus2Open "open"
OrderStatus alias string models.types
op ListThings GET /things
op ListThings2 POST /things
op GetStuff GET /stuff
op GetStuff2 GET /stuff/all
op ListThings3 POST again
---
warning operation-id-duplicate 9:7 /paths/~1things/post/operationId: operationId "listThings" is also used by GET /things; POST /things is ListThings2
info name-clash 16:7 /paths/~1stuff~1all/get: "GetStuff" is used by /paths/~1stuff/get, renamed to "GetStuff2"
warning operation-id-duplicate 21:7 /webhooks/again/post/operationId: operationId "listThings" is also used by GET /things; POST again is ListThings3
info name-clash 26:7 /components/schemas/Client: "Client" is reserved, renamed to "ClientSchema"
info name-clash 39:7 /components/schemas/Pet: "Pet" is used by /components/schemas/pet, renamed to "PetSchema"
info name-clash 52:17 /components/schemas/Order/properties/status: "OrderStatus" is used by /components/schemas/OrderStatus, renamed to "OrderStatus2"
