Pet struct models.types
  Name *string json=name omitempty
GetPetResponseData alias string models.types
Order enum string models.enums
  OrderAsc "asc"
  OrderDesc "desc"
PetParameter struct models.params
  Name *string json=name omitempty
PetJSON struct models.bodies
  Name *string json=name omitempty
PetYaml struct models.bodies
  Name *string json=name omitempty
PetResponse struct models.responses
  Pet *Pet json=pet omitempty
GetPetPathParams struct models.params
  ID string json=id required
GetPetQuery struct models.params
  Status *GetPetQueryStatus json=status omitempty
  Filter *GetPetQueryFilter json=filter omitempty
  Order *Order json=order omitempty
  Limit *int32 json=limit omitempty
GetPetQueryStatus enum string models.enums
  GetPetQueryStatusSold "sold"
  GetPetQueryStatusKept "kept"
GetPetQueryFilter struct models.params
  Q *string json=q omitempty
GetPetHeaders struct models.params
  XTraceID string json=X-Trace-ID required doc="Trace"
GetPetCookies struct models.params
  Session *string json=session omitempty
GetPetJSONResponse404 struct models.responses
  Message *string json=message omitempty
GetPetXMLResponse404 struct models.responses
  Msg *string json=msg omitempty
GetPet2PathParams struct models.params
  ID string json=id required
PostPetsIDPathParams struct models.params
  ID string json=id required
PostPetsIDJSONRequestBody defined []Pet models.bodies
PostPetsIDTextRequestBody alias string models.bodies
PostPetsIDMultipartRequestBody struct models.bodies
  Photo *runtime.File json=photo omitempty
PostPetsIDResponse201 alias runtime.File models.responses
PostPetAddedRequestBody struct models.bodies
  ID *string json=id omitempty
op GetPet GET /pets/{id}
  params path GetPetPathParams
  params query GetPetQuery
  params header GetPetHeaders
  params cookie GetPetCookies
  response 200 application/json Pet
  response 404 application/json GetPetJSONResponse404
  response 404 application/xml GetPetXMLResponse404
  response 4XX application/json PetResponse
  response default application/octet-stream -
op GetPet2 PUT /pets/{id}
  params path GetPet2PathParams
  body application/json PetJSON
  body application/yaml PetYaml
op PostPetsID POST /pets/{id}
  params path PostPetsIDPathParams
  body application/json PostPetsIDJSONRequestBody
  body text/plain PostPetsIDTextRequestBody
  body application/xml Pet
  body multipart/form-data PostPetsIDMultipartRequestBody
  response 201 application/json PostPetsIDResponse201
op PostPetAdded POST petAdded
  body application/json PostPetAddedRequestBody
---
warning duplicate-param 11:11 /paths/~1pets~1{id}/get/parameters/1: query parameter "status" is listed again; only the first one is used
warning querystring-unsupported 15:11 /paths/~1pets~1{id}/get/parameters/5: querystring parameter "raw" is not supported yet; it gets no field and is neither sent nor read
info name-clash 35:7 /paths/~1pets~1{id}/put: "GetPet" is used by /paths/~1pets~1{id}/get, renamed to "GetPet2"
warning encoding-ignored 50:13 /paths/~1pets~1{id}/post/requestBody/content/multipart~1form-data/encoding: the encoding of multipart/form-data is not supported yet; its parts are written and read by their schema types
info name-clash 70:41 /components/parameters/Pet/schema: "Pet" is used by /components/schemas/Pet, renamed to "PetParameter"
info name-clash 83:36 /components/responses/Pet/content/application~1json/schema: "Pet" is used by /components/schemas/Pet, renamed to "PetResponse"
