Fields struct models.types
  Req string json=req required
  Opt *string json=opt omitempty
  ReqNull *string json=reqNull required nullable
  OptNull *string json=optNull nullable omitempty
  ReqList []string json=reqList required
  OptList []*int json=optList omitempty omitzero
  OptMap map[string]*bool json=optMap omitempty omitzero
  ReqAny any json=reqAny required
  OptJSON json.RawMessage json=optJSON omitempty
  OptBytes []byte json=optBytes omitempty omitzero
  ReqRef Item json=reqRef required
  ReqNullRef *NullableItem json=reqNullRef required nullable
  OptList2 Items json=optList2 omitempty omitzero
  OptAnything Anything json=optAnything omitempty
  OptNullSibling *Item json=optNullSibling nullable omitempty
  OptNullWrapped *Item json=optNullWrapped nullable omitempty
  OptNullEnum *FieldsOptNullEnum json=optNullEnum nullable omitempty
FieldsOptNullEnum enum string models.enums
  FieldsOptNullEnumA "a"
Item struct models.types
  ID *string json=id omitempty
NullableItem struct models.types
  ID *string json=id omitempty
Items defined []Item models.types
Anything alias any models.types
---
