Self struct models.types
  Next *Self json=next required
  List []Self json=list required
  Map map[string]Self json=map required
  Union SelfUnion json=union required
SelfUnion alias json.RawMessage models.unions
A struct models.types
  B *B json=b required
  Leaf Leaf json=leaf required
B struct models.types
  A *AliasOfA json=a required
AliasOfA alias A models.types
Leaf struct models.types
  X *string json=x omitempty
Holder struct models.types
  Self Self json=self required
LoopX alias any models.types
LoopY alias LoopX models.types
UsesLoop struct models.types
  X LoopX json=x required
---
info union-placeholder 13:16 /components/schemas/Self/properties/union: union types are not generated yet; this one is json.RawMessage
warning alias-cycle 32:12 /components/schemas/LoopX: types refer to each other in a loop (LoopX = LoopY = LoopX); LoopX becomes any
