Cat struct models.types
  Kind string json=kind required
  Meow bool json=meow required
Dog struct models.types
  Kind DogKind json=kind required
  Bark *bool json=bark omitempty
DogKind enum string models.enums
  DogKindDog "dog"
Fish struct models.types
  Kind *string json=kind omitempty
  Fins *int json=fins omitempty
Pet union models.unions
  | oneOf discriminator=kind
  | Cat *Cat kinds=object values=kitty,cat required=kind,meow known=kind,meow
  | Dog *Dog kinds=object values=dog required=kind known=kind,bark closed
  | Fish *Fish kinds=object values=Fish known=kind,fins
WithDefault union models.unions
  | oneOf discriminator=kind
  | Cat *Cat kinds=object values=cat required=kind,meow known=kind,meow
  | Fish *Fish kinds=object values=Fish default known=kind,fins
NullableRef alias Cat models.types
NullableInline alias time.Time models.types
Primitives union models.unions
  | oneOf nullable
  | String *string kinds=string
  | Int64 *int64 kinds=integer
  | Float64 *float64 kinds=integer|number
  | Bool *bool kinds=boolean
  | Strings []string kinds=array
  | Date *runtime.Date kinds=string
  | Bytes []byte kinds=string
  | StringMap map[string]string kinds=object
Duplicates union models.unions
  | oneOf members=String#1,String#2,Cat#1
  | String *string kinds=string
  | Cat *Cat kinds=object required=kind,meow known=kind,meow
Inline union models.unions
  | anyOf
  | Card *InlineCard kinds=object known=number
  | Option2 *InlineOption2 kinds=object known=iban
  | Option3 *InlineOption3 kinds=string
InlineCard struct models.types
  Number *string json=number omitempty
InlineOption2 struct models.types
  Iban *string json=iban omitempty
InlineOption3 enum string models.enums
  InlineOption3Cash "cash"
  InlineOption3Check "check"
InlineDisc union models.unions
  | oneOf discriminator=type
  | Card *InlineDiscCard kinds=object values=card known=type,number
  | N2fa *InlineDisc2fa kinds=object values=2fa known=type,code
InlineDiscCard struct models.types
  Type *string json=type omitempty
  Number *string json=number omitempty
InlineDisc2fa struct models.types
  Type *string json=type omitempty
  Code *string json=code omitempty
WithShared union models.unions
  ID string json=id required
  | oneOf
  | Cat *Cat kinds=object required=kind,meow known=kind,meow
  | Dog *Dog kinds=object required=kind known=kind,bark closed
AllOfUnion union models.unions
  Kind *string json=kind omitempty
  Fins *int json=fins omitempty
  | oneOf
  | Option1 *AllOfUnionOption1 kinds=object known=a
  | Option2 *AllOfUnionOption2 kinds=object known=b
AllOfUnionOption1 struct models.types
  A *string json=a omitempty
AllOfUnionOption2 struct models.types
  B *string json=b omitempty
TypeList union models.unions
  | oneOf nullable
  | String *TypeListString kinds=string
  | Integer *TypeListInteger kinds=integer
  | Object *TypeListObject kinds=object known=x
  | Ints []int kinds=array
TypeListString enum string models.enums
  TypeListStringA "a"
  TypeListStringB "b"
TypeListInteger enum int32 models.enums
  TypeListInteger1 1
TypeListObject struct models.types
  X *string json=x omitempty
IfThenElse union models.unions
  Kind *string json=kind omitempty
  | oneOf discriminator=kind
  | Then *IfThenElseThen kinds=object values=a absent known=a
  | Fish *Fish kinds=object default known=kind,fins
IfThenElseThen struct models.types
  A *string json=a omitempty
IfThenElseByShape union models.unions
  | oneOf
  | Then *IfThenElseByShapeThen kinds=object known=a
  | Else *IfThenElseByShapeElse kinds=object known=b
IfThenElseByShapeThen struct models.types
  A *string json=a omitempty
IfThenElseByShapeElse struct models.types
  B *string json=b omitempty
IfThen struct models.types
  Kind string json=kind required
  A *string json=a omitempty
Nested union models.unions
  | oneOf
  | Pet *Pet kinds=object
  |   shape required=kind,meow known=kind,meow
  |   shape required=kind known=kind,bark closed
  |   shape known=kind,fins
  | Option2 *NestedOption2 kinds=integer|string
NestedOption2 union models.unions
  | oneOf text
  | String *string kinds=string
  | Int *int kinds=integer
Holder struct models.types
  List []HolderListItem json=list omitempty omitzero
  Map map[string]HolderMapValue json=map omitempty omitzero
  Pet Pet json=pet required
  Maybe *Dog json=maybe required nullable
  Text *string json=text nullable omitempty
HolderListItem union models.unions
  | oneOf text
  | String *string kinds=string
  | Int *int kinds=integer
HolderMapValue union models.unions
  | anyOf text
  | String *string kinds=string
  | Bool *bool kinds=boolean
OnlyNull alias any models.types
Anything union models.unions
  | oneOf
  | Any any kinds=any
  | RawMessage json.RawMessage kinds=any
  | String *string kinds=string
Self union models.unions
  | oneOf text
  | String *string kinds=string
  | Int *int kinds=integer
NoIf union models.unions
  | oneOf
  | Then *NoIfThen kinds=object known=a
  | Else *NoIfElse kinds=object known=b
NoIfThen struct models.types
  A *string json=a omitempty
NoIfElse struct models.types
  B *string json=b omitempty
IfWithoutConst union models.unions
  | oneOf
  | Then *IfWithoutConstThen kinds=object known=a
  | Else *IfWithoutConstElse kinds=object known=b
IfWithoutConstThen struct models.types
  A *string json=a omitempty
IfWithoutConstElse struct models.types
  B *string json=b omitempty
IfThenElseAllOf union models.unions
  Kind *string json=kind omitempty
  Fins *int json=fins omitempty
  | oneOf discriminator=kind
  | Then *IfThenElseAllOfThen kinds=object values=a absent known=a
  | Else *IfThenElseAllOfElse kinds=object default known=b
IfThenElseAllOfThen struct models.types
  A *string json=a omitempty
IfThenElseAllOfElse struct models.types
  B *string json=b omitempty
Bird struct models.types
  Wings *int json=wings omitempty
Flyer union models.unions
  | oneOf discriminator=kind
  | Bird *Bird kinds=object values=Bird known=wings
  | Cat *Cat kinds=object values=cat required=kind,meow known=kind,meow
Vehicle union models.unions
  Kind string json=kind required
  | oneOf discriminator=kind
  | Car *Car kinds=object values=Car required=kind known=kind,doors
  | Bike *Bike kinds=object values=Bike required=kind known=kind,gears
Car struct models.types
  Kind string json=kind required
  Doors *int json=doors omitempty
Bike struct models.types
  Kind string json=kind required
  Gears *int json=gears omitempty
Only alias OnlyChild models.types
OnlyChild struct models.types
  X *string json=x omitempty
Flag union models.unions
  | oneOf text
  | String *string kinds=string
  | Bool *bool kinds=boolean
SameRequired union models.unions
  | oneOf
  | Option1 *SameRequiredOption1 kinds=object required=id known=id,a
  | Option2 *SameRequiredOption2 kinds=object required=id known=id,b
  | Option3 *SameRequiredOption3 kinds=object required=id,c known=id,c
SameRequiredOption1 struct models.types
  ID string json=id required
  A *string json=a omitempty
SameRequiredOption2 struct models.types
  ID string json=id required
  B *string json=b omitempty
SameRequiredOption3 struct models.types
  ID string json=id required
  C string json=c required
Sum union models.unions
  | oneOf
  | Sum1 *Sum1 kinds=object
  |   shape required=common,one known=common,one
  |   shape required=common,two known=common,two
  | Sum2 *Sum2 kinds=string|object
  |   shape required=common,three known=common,three
Sum1 union models.unions
  | oneOf
  | Option1 *Sum1Option1 kinds=object required=common,one known=common,one
  | Option2 *Sum1Option2 kinds=object required=common,two known=common,two
Sum1Option1 struct models.types
  Common string json=common required
  One string json=one required
Sum1Option2 struct models.types
  Common string json=common required
  Two string json=two required
Sum2 union models.unions
  | oneOf
  | Option1 *Sum2Option1 kinds=object required=common,three known=common,three
  | String *string kinds=string
Sum2Option1 struct models.types
  Common string json=common required
  Three string json=three required
SumClash union models.unions
  | oneOf
  | Sum1 *Sum1 kinds=object
  |   shape required=common,one known=common,one
  |   shape required=common,two known=common,two
  | SumAgain *SumAgain kinds=integer|object
  |   shape required=common,one known=common,one,x
SumAgain union models.unions
  | oneOf
  | Option1 *SumAgainOption1 kinds=object required=common,one known=common,one,x
  | Int *int kinds=integer
SumAgainOption1 struct models.types
  Common string json=common required
  One string json=one required
  X *string json=x omitempty
Outer union models.unions
  | oneOf
  | Inner *Inner kinds=object
  |   shape required=x,note known=x,note
  |   shape required=y,note known=y,note
  | Flyer *Flyer kinds=object
  |   shape known=wings,kind
  |   shape required=kind,meow known=kind,meow
  | Loose *Loose kinds=boolean|object
  |   shape
  | Option4 *OuterOption4 kinds=object required=z known=z
OuterOption4 struct models.types
  Z string json=z required
Inner union models.unions
  Note string json=note required
  | oneOf
  | Option1 *InnerOption1 kinds=object required=x known=x
  | InnerLoop *InnerLoop kinds=object
  |   shape required=y known=y
InnerOption1 struct models.types
  X string json=x required
InnerLoop union models.unions
  | oneOf
  | Inner *Inner kinds=object
  |   shape required=x,note known=x,note
  | Option2 *InnerLoopOption2 kinds=object required=y known=y
InnerLoopOption2 struct models.types
  Y string json=y required
Loose union models.unions
  | oneOf
  | StringMap map[string]string kinds=object
  | Bool *bool kinds=boolean
Dup union models.unions
  | oneOf
  | Twin *Twin kinds=object
  |   shape required=id known=id,a
  |   shape required=id known=id,b
  | Option2 *DupOption2 kinds=object required=w known=w
DupOption2 struct models.types
  W string json=w required
Twin union models.unions
  | oneOf
  | Option1 *TwinOption1 kinds=object required=id known=id,a
  | Option2 *TwinOption2 kinds=object required=id known=id,b
TwinOption1 struct models.types
  ID string json=id required
  A *string json=a omitempty
TwinOption2 struct models.types
  ID string json=id required
  B *string json=b omitempty
TwoOneOfs union models.unions
  | oneOf of Option1, Option2
  | oneOf of Option3, Option4, Option5
  | Option1 *TwoOneOfsOption1 kinds=object required=a known=a
  | Option2 *TwoOneOfsOption2 kinds=object required=b known=b
  | Option3 *TwoOneOfsOption3 kinds=object required=c known=c closed
  | Option4 *TwoOneOfsOption4 kinds=object known=d
  | Option5 *TwoOneOfsOption5 kinds=object known=e
TwoOneOfsOption1 struct models.types
  A string json=a required
TwoOneOfsOption2 struct models.types
  B int json=b required
TwoOneOfsOption3 struct models.types
  C string json=c required
TwoOneOfsOption4 struct models.types
  D *int json=d omitempty
TwoOneOfsOption5 struct models.types
  E *int json=e omitempty
OneAndAny union models.unions
  | oneOf discriminator=kind of Cat, Dog
  | anyOf of Cat, Bird
  | Cat *Cat kinds=object values=cat required=kind,meow known=kind,meow
  | Dog *Dog kinds=object values=dog required=kind known=kind,bark closed
  | Bird *Bird kinds=object known=wings
OneAndIf union models.unions
  | oneOf of Option1, Option2
  | oneOf discriminator=kind of Then, Else
  | Option1 *OneAndIfOption1 kinds=object required=a known=a
  | Option2 *OneAndIfOption2 kinds=object required=b known=b
  | Then *OneAndIfThen kinds=object values=x absent known=x
  | Else *OneAndIfElse kinds=object default known=y
OneAndIfOption1 struct models.types
  A string json=a required
OneAndIfOption2 struct models.types
  B string json=b required
OneAndIfThen struct models.types
  X *string json=x omitempty
OneAndIfElse struct models.types
  Y *string json=y omitempty
IfWithNull union models.unions
  | oneOf of Option1, Option2
  | oneOf nullable of Else
  | Option1 *IfWithNullOption1 kinds=object required=a known=a
  | Option2 *IfWithNullOption2 kinds=object required=b known=b
  | Else *IfWithNullElse kinds=object known=y
IfWithNullOption1 struct models.types
  A string json=a required
IfWithNullOption2 struct models.types
  B string json=b required
IfWithNullElse struct models.types
  Y *string json=y omitempty
TwoRefs union models.unions
  ID string json=id required
  | oneOf of Cat, Dog
  | oneOf discriminator=kind of Bird, Cat
  | Cat *Cat kinds=object values=cat required=kind,meow known=kind,meow
  | Dog *Dog kinds=object required=kind known=kind,bark closed
  | Bird *Bird kinds=object values=Bird known=wings
HoldsTwo union models.unions
  | oneOf
  | TwoOneOfs *TwoOneOfs kinds=object
  |   shape required=a,c known=a,c closed
  |   shape required=a known=a,d
  |   shape required=a known=a,e
  |   shape required=b,c known=b,c closed
  |   shape required=b known=b,d
  |   shape required=b known=b,e
  | TwoRefs *TwoRefs kinds=object
  |   shape required=kind,meow,id known=kind,meow,wings,id
  |   shape required=kind,meow,id known=kind,meow,id
  |   shape required=kind,id known=kind,bark,wings,id closed
  |   shape required=kind,meow,id known=kind,bark,meow,id closed
Web struct models.types
  Host *string json=host omitempty
Shell struct models.types
  Key *string json=key omitempty
Server union models.unions
  ServerType *string json=server_type omitempty
  | oneOf discriminator=server_type
  | Web *Web kinds=object values=nginx,apache known=host
  | Shell *Shell kinds=object values=shell known=key
SharedServerType union models.unions
  ServerType *string json=server_type omitempty
  | anyOf discriminator=server_type
  | Web *Web kinds=object values=nginx,apache known=host
  | Shell *Shell kinds=object values=Shell known=key
Secure struct models.types
  IsSecure *SecureIsSecure json=is_secure omitempty
  Host *string json=host omitempty
SecureIsSecure enum bool models.enums
  SecureIsSecureTrue true
Plain struct models.types
  IsSecure *PlainIsSecure json=is_secure omitempty
  Port *int json=port omitempty
PlainIsSecure enum bool models.enums
  PlainIsSecureFalse false
Connection union models.unions
  | oneOf
  | Secure *Secure kinds=object known=is_secure,host
  | Plain *Plain kinds=object known=is_secure,port
IfLiteral union models.unions
  Secure *bool json=secure omitempty
  | oneOf discriminator=secure literal
  | Then *IfLiteralThen kinds=object values=true known=cert
  | Else *IfLiteralElse kinds=object default known=port
IfLiteralThen struct models.types
  Cert *string json=cert omitempty
IfLiteralElse struct models.types
  Port *int json=port omitempty
IfObjectConst union models.unions
  | oneOf
  | Then *IfObjectConstThen kinds=object known=a
  | Else *IfObjectConstElse kinds=object known=b
IfObjectConstThen struct models.types
  A *string json=a omitempty
IfObjectConstElse struct models.types
  B *string json=b omitempty
---
info union-duplicate 63:11 /components/schemas/Duplicates/oneOf/1: member 2 has the same Go type (string) as variant String; they share its field
info union-duplicate 65:11 /components/schemas/Duplicates/oneOf/3: member 4 has the same Go type (Cat) as variant Cat; they share its field
warning union-ambiguous 91:7 /components/schemas/AllOfUnion: variants Option1, Option2 of AllOfUnion require no property, so {} matches each of them and fails to decode
warning enum-value 97:7 /components/schemas/TypeList: enum value 2.5 does not fit its schema, so it is left out: it is a number, the schema wants string or integer or object or array or null
warning union-ambiguous 109:7 /components/schemas/IfThenElseByShape: variants Then, Else of IfThenElseByShape require no property, so {} matches each of them and fails to decode
warning union-self 139:11 /components/schemas/Self/oneOf/0: member 1 is the union itself; it is left out
warning union-ambiguous 143:7 /components/schemas/NoIf: variants Then, Else of NoIf require no property, so {} matches each of them and fails to decode
warning union-ambiguous 146:7 /components/schemas/IfWithoutConst: variants Then, Else of IfWithoutConst require no property, so {} matches each of them and fails to decode
info union-duplicate 162:11 /components/schemas/Flyer/oneOf/1: member 4 has the same Go type (Cat) as variant Cat; they share its field
warning union-ambiguous 191:7 /components/schemas/SameRequired: variants Option1, Option2 of SameRequired require the same properties (id), so an object with only those matches each of them and fails to decode
warning union-ambiguous 208:7 /components/schemas/SumClash: variants Sum1, SumAgain of SumClash require the same properties (common, one), so an object with only those matches each of them and fails to decode
warning union-ambiguous 216:7 /components/schemas/Outer: variants Flyer, Loose of Outer require no property, so {} matches each of them and fails to decode
warning union-ambiguous 241:7 /components/schemas/Twin: variants Option1, Option2 of Twin require the same properties (id), so an object with only those matches each of them and fails to decode
warning union-ambiguous 245:7 /components/schemas/TwoOneOfs: variants Option4, Option5 of TwoOneOfs require no property, so {} matches each of them and fails to decode
info union-duplicate 258:11 /components/schemas/OneAndAny/anyOf/0: member 3 has the same Go type (Cat) as variant Cat; they share its field
warning keyword-unsupported 321:7 /components/schemas/Connection/discriminator: the discriminator of Connection is ignored: its property "is_secure" is not a string; variants are matched by shape and checks
warning union-ambiguous 321:7 /components/schemas/Connection: variants Secure, Plain of Connection require no property, so {} matches each of them and fails to decode
warning union-ambiguous 336:7 /components/schemas/IfObjectConst: variants Then, Else of IfObjectConst require no property, so {} matches each of them and fails to decode
