Name alias string models.types
Pet struct models.types
  ID string json=id required omitempty readOnly
  Name Name json=name required
  Nick *Name json=nick omitempty
  Age *int json=age omitempty
  Weight *float64 json=weight omitempty
  Tags []string json=tags required
  Owners []Owner json=owners omitempty
  Labels map[string]string json=labels omitempty
  Kind string json=kind required
  Count *int json=count omitempty
  Ratio *int json=ratio omitempty
  Flag *bool json=flag omitempty
  Email *runtime.Email json=email omitempty
  Site *string json=site omitempty
  Born *time.Time json=born omitempty
  Secret *string json=secret omitempty writeOnly
  Grid [][]int json=grid omitempty
  Spots []*string json=spots omitempty
  Ahead *string json=ahead omitempty
  Accent *string json=accent omitempty
  Again *string json=again omitempty
  Status *Status json=status omitempty
  Pets Pets json=pets omitempty
  Blob []byte json=blob omitempty
  Loose []any json=loose omitempty
  Bag map[string]any json=bag omitempty
  Whatever any json=whatever omitempty
  Dates []time.Time json=dates omitempty
  ? validate response
  ? ID path=id response-only format(uuid)
  ? Name path=name minLength(1) maxLength(20) pattern(patternPetName)
  ? Nick path=nick pointer guarded minLength(1) maxLength(10) pattern(patternPetName)
  ? Age path=age pointer guarded minimum(0) maximum(30 exclusive) multipleOf(1)
  ? Weight path=weight pointer guarded minimum(0.5)
  ? Tags path=tags guarded required minItems(1) maxItems(5) unique()
  ?   items - path= pattern(patternPetTagsItem)
  ? Owners path=owners guarded uniqueJSON()
  ?   items - path= nested
  ? Labels path=labels guarded minProperties(1) maxProperties(3)
  ?   values - path= maxLength(5)
  ? Kind path=kind const("pet")
  ? Count path=count pointer guarded const(2)
  ? Flag path=flag pointer guarded const(true)
  ? Email path=email pointer guarded nested
  ? Site path=site pointer guarded format(uri)
  ? Secret path=secret request-only pointer guarded minLength(8)
  ? Grid path=grid guarded
  ?   items - path= guarded
  ?   items   items - path= maximum(9)
  ? Spots path=spots guarded
  ?   items - path= pointer guarded minLength(2)
  ? Accent path=accent pointer guarded pattern(patternPetAccent)
  ? Again path=again pointer guarded pattern(patternPetTagsItem)
  ? Status path=status pointer guarded nested
  ? Pets path=pets guarded nested
  ? Blob path=blob guarded minLength(base64 1) maxLength(base64 8) pattern(base64 patternPetName)
  ? Loose path=loose guarded minItems(1)
  ? Bag path=bag guarded minProperties(1)
  ? Dates path=dates guarded uniqueJSON()
Status enum string models.enums
  StatusA "a"
  StatusB "b"
  ? validate
Pets defined []Pet models.types
  ? validate response
  ? - path= guarded maxItems(3)
  ?   items - path= nested
Owner struct models.types
  Contacts []string json=contacts required omitempty readOnly
  Pet *Pet json=pet omitempty
  AdditionalProperties map[string]Pet json=-
  ? validate response
  ? Contacts path=contacts response-only guarded required
  ? Pet path=pet pointer guarded nested
  ? AdditionalProperties path= guarded
  ?   values - path= nested
Labels defined map[string]int models.types
  ? validate
  ? - path= guarded maxProperties(2)
  ?   values - path= minimum(1)
Choice union models.unions
  | oneOf
  | String *string kinds=string
  | Strings []string kinds=array
  | Owner *Owner kinds=object required=contacts
  ? validate count=ExactlyOne response
  ? String path= variant pointer guarded maxLength(3)
  ? Strings path= variant guarded minItems(1)
  ? Owner path= variant pointer guarded nested
MaybeChoice union models.unions
  | anyOf nullable text
  | String *string kinds=string
  | Int *int kinds=integer
SomeChoice union models.unions
  | anyOf text
  | String *string kinds=string
  | Int *int kinds=integer
  ? validate count=AtLeastOne
NullableChoice union models.unions
  | oneOf nullable text
  | String *string kinds=string
  | Int *int kinds=integer
  ? validate count=AtMostOne
Inner struct models.types
  A *string json=a omitempty
Wrapper struct models.types
  Inner *Inner json=inner omitempty
Strict struct models.types
  Range *int json=range omitempty
  Tie *float64 json=tie omitempty
  Code *string json=code omitempty
  List []string json=list omitempty
  Bag map[string]any json=bag omitempty
  Even *int json=even omitempty
  Wrapped *Wrapped json=wrapped omitempty
  ? validate
  ? Range path=range pointer guarded minimum(5) maximum(10)
  ? Tie path=tie pointer guarded minimum(5 exclusive) maximum(9 exclusive)
  ? Code path=code pointer guarded minLength(3) maxLength(5) pattern(patternStrictCode) pattern(patternStrictCode2)
  ? List path=list guarded minItems(2) maxItems(3)
  ? Bag path=bag guarded minProperties(2) maxProperties(3)
  ? Even path=even pointer guarded multipleOf(2) multipleOf(3)
  ? Wrapped path=wrapped pointer guarded pattern(patternStrictCode) pattern(patternStrictCode2) pattern(patternStrictWrapped)
Code alias string models.types
Wrapped alias string models.types
Cat struct models.types
  Kind *string json=kind omitempty
Dog struct models.types
  Kind *string json=kind omitempty
Tagged union models.unions
  | oneOf discriminator=kind
  | Cat *Cat kinds=object values=Cat known=kind
  | Dog *Dog kinds=object values=Dog known=kind
  ? validate count=ExactlyOne discriminated
KeyLabels defined map[string]string models.types
  ? validate
  ? - path= guarded key minLength(2) key maxLength(10) key pattern(patternPetTagsItem)
  ?   values - path= maxLength(5)
Colors defined map[string]int models.types
  ? validate
  ? - path= guarded key enum("red","green")
Color enum string models.enums
  ColorRed "red"
  ColorGreen "green"
  ? validate
Mixed struct models.types
  Name *string json=name omitempty
  AdditionalProperties map[string]any json=-
  ? validate
  ? AdditionalProperties path= guarded key format(uuid) key const("x")
Fixed struct models.types
  A *string json=a omitempty
Merged defined map[string]string models.types
  ? validate
  ? - path= guarded key pattern(patternStrictCode) key pattern(patternMergedKey)
KeyHolder struct models.types
  Inline map[string]string json=inline omitempty
  KeysOnly map[string]any json=keysOnly omitempty
  ? validate
  ? Inline path=inline guarded key minLength(1)
  ? KeysOnly path=keysOnly guarded key maxLength(4)
Vehicle struct models.types
  Kind *Kind json=kind omitempty
  Size *VehicleSize json=size omitempty
  Rank *VehicleRank json=rank omitempty
  Level *VehicleLevel json=level omitempty
  Mode *string json=mode omitempty
  Mark *string json=mark omitempty
  Name *string json=name omitempty
  Tag any json=tag omitempty
  ? validate
  ? Kind path=kind pointer guarded nested
  ? Size path=size pointer guarded nested
  ? Rank path=rank pointer guarded nested
  ? Level path=level pointer guarded nested
  ? Mode path=mode pointer guarded const("a")
  ? Mark path=mark pointer guarded const("x")
  ? Name path=name pointer guarded minLength(2)
VehicleSize enum string models.enums
  VehicleSizeS "s"
  VehicleSizeM "m"
  VehicleSizeL "l"
  ? validate
VehicleRank enum int models.enums
  VehicleRank1 1
  VehicleRank2 2
  VehicleRank3 3
  ? validate
VehicleLevel enum int models.enums
  VehicleLevel1 1
  VehicleLevel2 2
  VehicleLevel3 3
  ? validate
Kind enum string models.enums
  KindCar "car"
  KindBike "bike"
  ? validate
Car struct models.types
  Kind *CarKind json=kind omitempty
  Size *CarSize json=size omitempty
  Rank *CarRank json=rank omitempty
  Level *CarLevel json=level omitempty
  Mode *string json=mode omitempty
  Mark *CarMark json=mark omitempty
  Name *string json=name omitempty
  Tag *string json=tag omitempty
  ? validate
  ? Kind path=kind pointer guarded nested
  ? Size path=size pointer guarded nested
  ? Rank path=rank pointer guarded nested
  ? Level path=level pointer guarded nested
  ? Mode path=mode pointer guarded const("a")
  ? Mark path=mark pointer guarded nested
  ? Name path=name pointer guarded minLength(2) maxLength(5)
  ? Tag path=tag pointer guarded minLength(1) maxLength(4)
CarKind enum string models.enums
  CarKindCar "car"
  ? validate
CarSize enum string models.enums
  CarSizeM "m"
  CarSizeL "l"
  ? validate
CarRank enum int models.enums
  CarRank2 2
  CarRank3 3
  ? validate
CarLevel enum int models.enums
  CarLevel1 1
  CarLevel2 2
  CarLevel3 3
  ? validate
CarMark enum string models.enums
  CarMarkY "y"
  CarMarkZ "z"
  ? validate
Spot struct models.types
  X *int json=x omitempty
  ? validate
  ? - path= enumJSON({"x":1},{"x":2})
Span defined []int models.types
  ? validate
  ? - path= guarded enumJSON([1,2])
Tagset defined map[string]any models.types
  ? validate
  ? - path= guarded enumJSON({"a":1})
Pick union models.unions
  | anyOf text
  | String *string kinds=string
  | Int *int kinds=integer
  ? validate count=AtLeastOne
  ? - path= enumJSON("a",1)
Listed union models.unions
  | oneOf text
  | String *ListedString kinds=string
  | Integer *ListedInteger kinds=integer
  ? validate count=ExactlyOne
  ? String path= variant pointer guarded nested
  ? Integer path= variant pointer guarded nested
ListedString enum string models.enums
  ListedStringA "a"
  ? validate
ListedInteger enum int models.enums
  ListedInteger1 1
  ? validate
Anything alias any models.types
Shelf struct models.types
  Spot *Spot json=spot nullable omitempty
  Span Span json=span omitempty
  Anything Anything json=anything omitempty
  Inline any json=inline omitempty
  Rows []map[string]any json=rows omitempty
  AllNull []int json=allNull nullable omitempty
  ? validate
  ? Spot path=spot pointer guarded nested
  ? Span path=span guarded nested
  ? Anything path=anything guarded enumJSON("a",1)
  ? Inline path=inline guarded enumJSON(true,"x")
  ? Rows path=rows guarded
  ?   items - path= guarded enumJSON({"r":1})
pattern patternPetName models.types "^[A-Z]" "^[A-Z]"
pattern patternPetTagsItem models.types "^[a-z]+$" "^[a-z]+$"
pattern patternPetAccent models.types "^\\u00e9" "^\\xE9"
pattern patternStrictCode models.types "^a" "^a"
pattern patternStrictCode2 models.types "z$" "z$"
pattern patternStrictWrapped models.types "b" "b"
pattern patternMergedKey models.types "b$" "b$"
---
warning pattern-unsupported 45:16 /components/schemas/Pet/properties/ahead: pattern "^(?=a)" is not RE2 (error parsing regexp: invalid or unsupported Perl syntax: `(?=`); it is not used
warning keyword-unsupported 160:22 /components/schemas/Fixed/propertyNames: propertyNames is not checked: Fixed keeps no keys besides its properties
warning allof-conflict 176:16 /components/schemas/Car/allOf/properties/level: allOf members allow no value in common; keeping the enum 1, 2, 3
warning allof-conflict 177:15 /components/schemas/Car/allOf/properties/mode: allOf members set const "a" and "b"; keeping "a"
warning allof-conflict 178:15 /components/schemas/Car/allOf/properties/mark: allOf members allow no value in common; keeping the enum "y", "z"
